victory 胜利
triumph / u 胜利
lawyer 律师
provoke 激起(兴趣)/引起
ignite 激起(兴趣)
provoke 激起(兴趣)/引起
trigger 引起
shove 猛推
vulgar 粗鲁的
coarse 粗鲁的
correlate 与...相互关联
respective 分别的
irrespective 不考虑的
Yespe (ti Velu
treasure 珍惜
cherish 珍惜
correct 矫正
rectify 矫正